============================= test session starts =============================
platform win32 -- Python 3.14.0, pytest-8.4.2, pluggy-1.6.0 -- C:\Python314\python.exe
cachedir: .pytest_cache
hypothesis profile 'default'
benchmark: 5.2.3 (defaults: timer=time.perf_counter disable_gc=False min_rounds=5 min_time=0.000005 max_time=1.0 calibration_precision=10 warmup=False warmup_iterations=100000)
rootdir: C:\Users\issda\Downloads\SCBE_Production_Pack
configfile: pytest.ini
plugins: hypothesis-6.148.8, asyncio-1.3.0, benchmark-5.2.3, cov-7.0.0, mock-3.15.1, typeguard-2.13.3, anyio-4.12.0
asyncio: mode=Mode.STRICT, debug=False, asyncio_default_fixture_loop_scope=None, asyncio_default_test_loop_scope=function
collecting ... C:\Users\issda\Downloads\SCBE_Production_Pack\tests\test_advanced_mathematics.py:27: PytestCollectionWarning: cannot collect test class 'TestTelemetry' because it has a __init__ constructor (from: tests/test_advanced_mathematics.py)
  @dataclass
C:\Users\issda\Downloads\SCBE_Production_Pack\tests\test_scbe_14layers.py:26: PytestCollectionWarning: cannot collect test class 'TestSCBE14Layers' because it has a __init__ constructor (from: tests/test_scbe_14layers.py)
  class TestSCBE14Layers:
collected 597 items

tests/aethermoore_constants/test_all_constants.py::TestConstant1HarmonicScaling::test_growth_table_verification PASSED [  0%]
tests/aethermoore_constants/test_all_constants.py::TestConstant1HarmonicScaling::test_super_exponential_growth PASSED [  0%]
tests/aethermoore_constants/test_all_constants.py::TestConstant1HarmonicScaling::test_property_positive_growth PASSED [  0%]
tests/aethermoore_constants/test_all_constants.py::TestConstant1HarmonicScaling::test_dimension_independence PASSED [  0%]
tests/aethermoore_constants/test_all_constants.py::TestConstant2CymaticVoxel::test_nodal_lines_at_zero PASSED [  0%]
tests/aethermoore_constants/test_all_constants.py::TestConstant2CymaticVoxel::test_symmetry_property PASSED [  1%]
tests/aethermoore_constants/test_all_constants.py::TestConstant2CymaticVoxel::test_boundary_conditions PASSED [  1%]
tests/aethermoore_constants/test_all_constants.py::TestConstant2CymaticVoxel::test_property_bounded_output PASSED [  1%]
tests/aethermoore_constants/test_all_constants.py::TestConstant3FluxInteraction::test_duality_unity PASSED [  1%]
tests/aethermoore_constants/test_all_constants.py::TestConstant3FluxInteraction::test_phase_cancellation PASSED [  1%]
tests/aethermoore_constants/test_all_constants.py::TestConstant3FluxInteraction::test_property_duality_holds PASSED [  1%]
tests/aethermoore_constants/test_all_constants.py::TestConstant3FluxInteraction::test_energy_redistribution PASSED [  2%]
tests/aethermoore_constants/test_all_constants.py::TestConstant4StellarOctave::test_sun_to_middle_c PASSED [  2%]
tests/aethermoore_constants/test_all_constants.py::TestConstant4StellarOctave::test_octave_doubling PASSED [  2%]
tests/aethermoore_constants/test_all_constants.py::TestConstant4StellarOctave::test_property_monotonic_transposition PASSED [  2%]
tests/aethermoore_constants/test_all_constants.py::TestConstant4StellarOctave::test_stellar_pulse_protocol PASSED [  2%]
tests/aethermoore_constants/test_all_constants.py::TestConstant4StellarOctave::test_entropy_regulation_alignment PASSED [  2%]
tests/aethermoore_constants/test_all_constants.py::TestIntegration::test_all_constants_verified PASSED [  3%]
tests/aethermoore_constants/test_all_constants.py::TestIntegration::test_scbe_layer_integration PASSED [  3%]
tests/enterprise/quantum/test_setup_verification.py::TestEnterpriseSetup::test_pytest_configured PASSED [  3%]
tests/enterprise/quantum/test_setup_verification.py::TestEnterpriseSetup::test_hypothesis_available PASSED [  3%]
tests/enterprise/quantum/test_setup_verification.py::TestEnterpriseSetup::test_markers_configured PASSED [  3%]
tests/enterprise/quantum/test_setup_verification.py::TestEnterpriseSetup::test_config_fixture PASSED [  3%]
tests/industry_standard/test_ai_safety_governance.py::TestAISafetyGovernance::test_intent_classification_accuracy SKIPPED [  4%]
tests/industry_standard/test_ai_safety_governance.py::TestAISafetyGovernance::test_governance_policy_enforcement SKIPPED [  4%]
tests/industry_standard/test_byzantine_consensus.py::TestByzantineFaultTolerance::test_byzantine_threshold XFAIL [  4%]
tests/industry_standard/test_byzantine_consensus.py::TestByzantineFaultTolerance::test_agreement_property XFAIL [  4%]
tests/industry_standard/test_byzantine_consensus.py::TestByzantineFaultTolerance::test_validity_property XFAIL [  4%]
tests/industry_standard/test_byzantine_consensus.py::TestByzantineFaultTolerance::test_termination_property XFAIL [  4%]
tests/industry_standard/test_byzantine_consensus.py::TestDualLatticeConsensus::test_dual_lattice_agreement XFAIL [  5%]
tests/industry_standard/test_byzantine_consensus.py::TestDualLatticeConsensus::test_quantum_resistant_signatures SKIPPED [  5%]
tests/industry_standard/test_byzantine_consensus.py::TestDualLatticeConsensus::test_lattice_hardness SKIPPED [  5%]
tests/industry_standard/test_byzantine_consensus.py::TestConsensusAttackResistance::test_sybil_attack_resistance SKIPPED [  5%]
tests/industry_standard/test_byzantine_consensus.py::TestConsensusAttackResistance::test_51_percent_attack_resistance SKIPPED [  5%]
tests/industry_standard/test_byzantine_consensus.py::TestConsensusAttackResistance::test_eclipse_attack_resistance SKIPPED [  5%]
tests/industry_standard/test_byzantine_consensus.py::TestConsensusPerformance::test_consensus_latency XFAIL [  6%]
tests/industry_standard/test_byzantine_consensus.py::TestConsensusPerformance::test_consensus_throughput XFAIL [  6%]
tests/industry_standard/test_hyperbolic_geometry_research.py::TestPoincareMetricProperties::test_metric_positive_definiteness PASSED [  6%]
tests/industry_standard/test_hyperbolic_geometry_research.py::TestPoincareMetricProperties::test_metric_symmetry PASSED [  6%]
tests/industry_standard/test_hyperbolic_geometry_research.py::TestPoincareMetricProperties::test_triangle_inequality PASSED [  6%]
tests/industry_standard/test_hyperbolic_geometry_research.py::TestPoincareMetricProperties::test_hyperbolic_distance_formula PASSED [  6%]
tests/industry_standard/test_hyperbolic_geometry_research.py::TestPoincareMetricProperties::test_distance_to_origin PASSED [  7%]
tests/industry_standard/test_hyperbolic_geometry_research.py::TestPoincareIsometries::test_rotation_preserves_distance PASSED [  7%]
tests/industry_standard/test_hyperbolic_geometry_research.py::TestPoincareIsometries::test_mobius_addition_properties PASSED [  7%]
tests/industry_standard/test_hyperbolic_geometry_research.py::TestBreathingTransformProperties::test_breathing_preserves_ball PASSED [  7%]
tests/industry_standard/test_hyperbolic_geometry_research.py::TestBreathingTransformProperties::test_breathing_changes_distances PASSED [  7%]
tests/industry_standard/test_hyperbolic_geometry_research.py::TestBreathingTransformProperties::test_breathing_identity PASSED [  7%]
tests/industry_standard/test_hyperbolic_geometry_research.py::TestHyperbolicCurvature::test_exponential_volume_growth PASSED [  8%]
tests/industry_standard/test_hyperbolic_geometry_research.py::TestHyperbolicCurvature::test_negative_curvature_triangle_sum SKIPPED [  8%]
tests/industry_standard/test_hyperbolic_geometry_research.py::TestNumericalStability::test_distance_near_boundary PASSED [  8%]
tests/industry_standard/test_hyperbolic_geometry_research.py::TestNumericalStability::test_distance_very_close_points PASSED [  8%]
tests/industry_standard/test_nist_pqc_compliance.py::TestMLKEMFIPS203Compliance::test_mlkem768_parameter_compliance XFAILlementation) [  8%]
tests/industry_standard/test_nist_pqc_compliance.py::TestMLKEMFIPS203Compliance::test_mlkem_key_sizes XFAILlementation) [  8%]
tests/industry_standard/test_nist_pqc_compliance.py::TestMLKEMFIPS203Compliance::test_mlkem_encapsulation_decapsulation XFAILlementation) [  9%]
tests/industry_standard/test_nist_pqc_compliance.py::TestMLKEMFIPS203Compliance::test_mlkem_deterministic_key_generation SKIPPED [  9%]
tests/industry_standard/test_nist_pqc_compliance.py::TestMLKEMFIPS203Compliance::test_mlkem_security_level XFAILlementation) [  9%]
tests/industry_standard/test_nist_pqc_compliance.py::TestMLDSAFIPS204Compliance::test_mldsa65_parameter_compliance XFAILlementation) [  9%]
tests/industry_standard/test_nist_pqc_compliance.py::TestMLDSAFIPS204Compliance::test_mldsa_signature_sizes XFAILlementation) [  9%]
tests/industry_standard/test_nist_pqc_compliance.py::TestMLDSAFIPS204Compliance::test_mldsa_sign_verify XFAILlementation) [  9%]
tests/industry_standard/test_nist_pqc_compliance.py::TestMLDSAFIPS204Compliance::test_mldsa_deterministic_signing SKIPPED [ 10%]
tests/industry_standard/test_nist_pqc_compliance.py::TestQuantumSecurityLevel::test_mlkem768_nist_level_3 XFAILon) [ 10%]
tests/industry_standard/test_nist_pqc_compliance.py::TestQuantumSecurityLevel::test_mldsa65_nist_level_3 XFAILon) [ 10%]
tests/industry_standard/test_nist_pqc_compliance.py::TestLatticeHardnessAssumptions::test_lwe_dimension_mlkem768 XFAILallback) [ 10%]
tests/industry_standard/test_nist_pqc_compliance.py::TestLatticeHardnessAssumptions::test_modulus_size PASSED [ 10%]
tests/industry_standard/test_nist_pqc_compliance.py::TestImplementationSecurity::test_constant_time_comparison SKIPPED [ 10%]
tests/industry_standard/test_nist_pqc_compliance.py::TestImplementationSecurity::test_no_secret_dependent_branches SKIPPED [ 11%]
tests/industry_standard/test_performance_benchmarks.py::test_perf_suite_modules_loaded PASSED [ 11%]
tests/industry_standard/test_performance_benchmarks.py::TestPrimitiveBenchmarks::test_layer1_complex_state_performance PASSED [ 11%]
tests/industry_standard/test_performance_benchmarks.py::TestPrimitiveBenchmarks::test_layer4_poincare_embedding_performance PASSED [ 11%]
tests/industry_standard/test_performance_benchmarks.py::TestPrimitiveBenchmarks::test_layer5_hyperbolic_distance_performance PASSED [ 11%]
tests/industry_standard/test_performance_benchmarks.py::TestPrimitiveBenchmarks::test_layer6_breathing_transform_performance PASSED [ 11%]
tests/industry_standard/test_performance_benchmarks.py::TestPrimitiveBenchmarks::test_layer14_audio_axis_performance PASSED [ 12%]
tests/industry_standard/test_performance_benchmarks.py::TestSystemBenchmarks::test_memory_footprint_tracemalloc PASSED [ 12%]
tests/industry_standard/test_performance_benchmarks.py::TestSystemBenchmarks::test_concurrent_operations_process_pool PASSED [ 12%]
tests/industry_standard/test_performance_benchmarks.py::TestPQCBenchmarks::test_mlkem768_keygen_performance SKIPPED [ 12%]
tests/industry_standard/test_side_channel_resistance.py::TestTimingAttackResistance::test_constant_time_comparison SKIPPED [ 12%]
tests/industry_standard/test_side_channel_resistance.py::TestTimingAttackResistance::test_constant_time_key_operations SKIPPED [ 12%]
tests/industry_standard/test_side_channel_resistance.py::TestTimingAttackResistance::test_hyperbolic_distance_timing PASSED [ 13%]
tests/industry_standard/test_side_channel_resistance.py::TestPowerAnalysisResistance::test_uniform_power_consumption SKIPPED [ 13%]
tests/industry_standard/test_side_channel_resistance.py::TestPowerAnalysisResistance::test_no_conditional_branches_on_secrets SKIPPED [ 13%]
tests/industry_standard/test_side_channel_resistance.py::TestCacheTimingResistance::test_constant_memory_access_pattern SKIPPED [ 13%]
tests/industry_standard/test_side_channel_resistance.py::TestCacheTimingResistance::test_no_secret_dependent_addressing SKIPPED [ 13%]
tests/industry_standard/test_side_channel_resistance.py::TestFaultInjectionResistance::test_signature_verification_fault_resistance SKIPPED [ 13%]
tests/industry_standard/test_side_channel_resistance.py::TestFaultInjectionResistance::test_redundant_computation_verification SKIPPED [ 14%]
tests/industry_standard/test_side_channel_resistance.py::TestElectromagneticAnalysisResistance::test_balanced_operations SKIPPED [ 14%]
tests/industry_standard/test_side_channel_resistance.py::TestSpeculativeExecutionResistance::test_speculation_barriers SKIPPED [ 14%]
tests/industry_standard/test_side_channel_resistance.py::TestSpeculativeExecutionResistance::test_no_secret_dependent_branches_spectre SKIPPED [ 14%]
tests/industry_standard/test_side_channel_resistance.py::TestSideChannelCountermeasures::test_boolean_masking SKIPPED [ 14%]
tests/industry_standard/test_side_channel_resistance.py::TestSideChannelCountermeasures::test_blinding SKIPPED [ 14%]
tests/industry_standard/test_theoretical_axioms.py::TestAxiom5_CInfinitySmoothness::test_poincare_embedding_smoothness PASSED [ 15%]
tests/industry_standard/test_theoretical_axioms.py::TestAxiom5_CInfinitySmoothness::test_breathing_transform_smoothness PASSED [ 15%]
tests/industry_standard/test_theoretical_axioms.py::TestAxiom5_CInfinitySmoothness::test_hyperbolic_distance_smoothness PASSED [ 15%]
tests/industry_standard/test_theoretical_axioms.py::TestAxiom5_CInfinitySmoothness::test_second_derivative_boundedness PASSED [ 15%]
tests/industry_standard/test_theoretical_axioms.py::TestAxiom6_LyapunovStability::test_lyapunov_convergence_clean PASSED [ 15%]
tests/industry_standard/test_theoretical_axioms.py::TestAxiom6_LyapunovStability::test_lyapunov_stability_under_noise PASSED [ 15%]
tests/industry_standard/test_theoretical_axioms.py::TestAxiom6_LyapunovStability::test_lyapunov_function_decrease PASSED [ 16%]
tests/industry_standard/test_theoretical_axioms.py::TestAxiom11_FractionalDimensionFlux::test_dimension_flux_continuity PASSED [ 16%]
tests/industry_standard/test_theoretical_axioms.py::TestAxiom11_FractionalDimensionFlux::test_dimension_estimation_stability PASSED [ 16%]
tests/industry_standard/test_theoretical_axioms.py::TestAxiom11_FractionalDimensionFlux::test_dimension_range_validity PASSED [ 16%]
tests/industry_standard/test_theoretical_axioms.py::TestAxiom11_FractionalDimensionFlux::test_dimension_flux_under_perturbation PASSED [ 16%]
tests/industry_standard/test_theoretical_axioms.py::TestAxiomIntegration::test_smooth_stable_trajectory PASSED [ 16%]
tests/industry_standard/test_theoretical_axioms.py::TestAxiomIntegration::test_smooth_dimension_flux PASSED [ 17%]
tests/test_advanced_mathematics.py::TestHyperbolicGeometry::test_poincare_ball_containment PASSED [ 17%]
tests/test_advanced_mathematics.py::TestHyperbolicGeometry::test_hyperbolic_distance_triangle_inequality PASSED [ 17%]
tests/test_advanced_mathematics.py::TestHyperbolicGeometry::test_hyperbolic_distance_symmetry PASSED [ 17%]
tests/test_advanced_mathematics.py::TestHyperbolicGeometry::test_mobius_addition_identity PASSED [ 17%]
tests/test_advanced_mathematics.py::TestIsometryPreservation::test_phase_transform_distance_preservation PASSED [ 17%]
tests/test_advanced_mathematics.py::TestIsometryPreservation::test_realification_norm_preservation PASSED [ 18%]
tests/test_advanced_mathematics.py::TestHarmonicScaling::test_harmonic_scaling_monotonicity PASSED [ 18%]
tests/test_advanced_mathematics.py::TestHarmonicScaling::test_harmonic_scaling_identity PASSED [ 18%]
tests/test_advanced_mathematics.py::TestHarmonicScaling::test_harmonic_scaling_superexponential PASSED [ 18%]
tests/test_advanced_mathematics.py::TestTopologicalInvariants::test_euler_characteristic_platonic_solids PASSED [ 18%]
tests/test_advanced_mathematics.py::TestTopologicalInvariants::test_genus_euler_relation PASSED [ 18%]
tests/test_advanced_mathematics.py::TestCoherenceBounds::test_coherence_bounds PASSED [ 19%]
tests/test_advanced_mathematics.py::TestRiskMonotonicity::test_risk_amplification_monotonicity PASSED [ 19%]
tests/test_aethermoore_validation.py::test_hyperbolic_aqm PASSED         [ 19%]
tests/test_aethermoore_validation.py::test_lorentz_factor PASSED         [ 19%]
tests/test_aethermoore_validation.py::test_mars_frequency PASSED         [ 19%]
tests/test_aethermoore_validation.py::test_hyperbolic_routing PASSED     [ 19%]
tests/test_aethermoore_validation.py::test_fixed_point PASSED            [ 20%]
tests/test_aethermoore_validation.py::test_tahs_harmonic PASSED          [ 20%]
tests/test_aethermoore_validation.py::test_soliton_propagation PASSED    [ 20%]
tests/test_combined_protocol.py::test_harmonic_uniqueness PASSED         [ 20%]
tests/test_combined_protocol.py::test_phase_nonce_dependency PASSED      [ 20%]
tests/test_combined_protocol.py::test_attacker_resistance PASSED         [ 20%]
tests/test_combined_protocol.py::test_feistel_roundtrip PASSED           [ 21%]
tests/test_combined_protocol.py::test_envelope_verification PASSED       [ 21%]
tests/test_combined_protocol.py::test_legitimate_decode PASSED           [ 21%]
tests/test_combined_protocol.py::test_binary_vs_adaptive_entropy PASSED  [ 21%]
tests/test_failable_by_design.py::TestCryptographicBoundaryViolations::test_F01_wrong_key_must_fail PASSED [ 21%]
tests/test_failable_by_design.py::TestCryptographicBoundaryViolations::test_F02_wrong_aad_must_fail PASSED [ 21%]
tests/test_failable_by_design.py::TestCryptographicBoundaryViolations::test_F03_tampered_ciphertext_must_fail PASSED [ 22%]
tests/test_failable_by_design.py::TestCryptographicBoundaryViolations::test_F04_tampered_tag_must_fail PASSED [ 22%]
tests/test_failable_by_design.py::TestCryptographicBoundaryViolations::test_F05_truncated_ciphertext_must_fail PASSED [ 22%]
tests/test_failable_by_design.py::TestCryptographicBoundaryViolations::test_F06_empty_ciphertext_must_fail PASSED [ 22%]
tests/test_failable_by_design.py::TestCryptographicBoundaryViolations::test_F07_null_key_must_fail PASSED [ 22%]
tests/test_failable_by_design.py::TestCryptographicBoundaryViolations::test_F08_short_key_must_fail PASSED [ 22%]
tests/test_failable_by_design.py::TestGeometricConstraintViolations::test_F09_point_outside_poincare_ball_must_clamp PASSED [ 23%]
tests/test_failable_by_design.py::TestGeometricConstraintViolations::test_F10_negative_hyperbolic_distance_impossible PASSED [ 23%]
tests/test_failable_by_design.py::TestGeometricConstraintViolations::test_F11_breathing_must_preserve_ball_containment PASSED [ 23%]
tests/test_failable_by_design.py::TestGeometricConstraintViolations::test_F12_harmonic_scale_must_be_positive PASSED [ 23%]
tests/test_failable_by_design.py::TestAxiomViolations::test_F13_coherence_outside_unit_interval_must_clamp PASSED [ 23%]
tests/test_failable_by_design.py::TestAxiomViolations::test_F14_risk_must_be_bounded_below PASSED [ 23%]
tests/test_failable_by_design.py::TestAxiomViolations::test_F15_spd_matrix_must_be_positive_definite PASSED [ 24%]
tests/test_failable_by_design.py::TestAccessControlViolations::test_F16_cross_kid_access_must_fail PASSED [ 24%]
tests/test_failable_by_design.py::TestAccessControlViolations::test_F17_classification_level_isolation PASSED [ 24%]
tests/test_failable_by_design.py::TestAccessControlViolations::test_F18_patient_data_isolation PASSED [ 24%]
tests/test_failable_by_design.py::TestTemporalViolations::test_F19_nonce_reuse_detection PASSED [ 24%]
tests/test_failable_by_design.py::TestTemporalViolations::test_F20_stale_timestamp_should_be_detectable PASSED [ 24%]
tests/test_failable_by_design.py::TestLatticeStructureViolations::test_F21_langues_weights_must_be_positive PASSED [ 25%]
tests/test_failable_by_design.py::TestLatticeStructureViolations::test_F22_quasicrystal_aperiodicity PASSED [ 25%]
tests/test_failable_by_design.py::TestLatticeStructureViolations::test_F23_phdm_energy_conservation PASSED [ 25%]
tests/test_failable_by_design.py::TestLatticeStructureViolations::test_F24_aethermoore_9d_completeness PASSED [ 25%]
tests/test_failable_by_design.py::TestDecisionBoundaryViolations::test_F25_high_risk_must_deny PASSED [ 25%]
tests/test_failable_by_design.py::TestDecisionBoundaryViolations::test_F26_zero_coherence_must_not_allow PASSED [ 25%]
tests/test_failable_by_design.py::TestMalformedInputViolations::test_F27_malformed_blob_must_fail PASSED [ 26%]
tests/test_failable_by_design.py::TestMalformedInputViolations::test_F28_injection_in_aad_must_be_safe PASSED [ 26%]
tests/test_failable_by_design.py::TestMalformedInputViolations::test_F29_unicode_edge_cases_must_be_handled PASSED [ 26%]
tests/test_failable_by_design.py::TestFailableByDesignSummary::test_F30_all_failable_categories_covered PASSED [ 26%]
tests/test_flat_slope.py::test_encoding_uniqueness PASSED                [ 26%]
tests/test_flat_slope.py::test_key_dependency PASSED                     [ 26%]
tests/test_flat_slope.py::test_spectrum_analysis PASSED                  [ 27%]
tests/test_flat_slope.py::test_attacker_without_key PASSED               [ 27%]
tests/test_flat_slope.py::test_with_key_decoding PASSED                  [ 27%]
tests/test_flat_slope.py::test_interference_multiple_tokens PASSED       [ 27%]
tests/test_harmonic_scaling_integration.py::test_specification_vectors PASSED [ 27%]
tests/test_harmonic_scaling_integration.py::test_bounded_monotonic PASSED [ 27%]
tests/test_harmonic_scaling_integration.py::test_hyperbolic_distance PASSED [ 28%]
tests/test_harmonic_scaling_integration.py::test_quantum_resistant_binding PASSED [ 28%]
tests/test_harmonic_scaling_integration.py::test_security_decision_engine PASSED [ 28%]
tests/test_harmonic_scaling_integration.py::test_behavioral_risk_components PASSED [ 28%]
tests/test_harmonic_scaling_integration.py::test_scaling_modes PASSED    [ 28%]
tests/test_harmonic_scaling_integration.py::test_find_nearest_realm PASSED [ 28%]
tests/test_industry_grade.py::TestSelfHealingWorkflow::test_101_basic_healing_success PASSED [ 29%]
tests/test_industry_grade.py::TestSelfHealingWorkflow::test_102_healing_with_retry PASSED [ 29%]
tests/test_industry_grade.py::TestSelfHealingWorkflow::test_103_circuit_breaker_opens PASSED [ 29%]
tests/test_industry_grade.py::TestSelfHealingWorkflow::test_104_circuit_breaker_blocks PASSED [ 29%]
tests/test_industry_grade.py::TestSelfHealingWorkflow::test_105_aad_mismatch_not_healed PASSED [ 29%]
tests/test_industry_grade.py::TestSelfHealingWorkflow::test_106_health_status_reporting PASSED [ 29%]
tests/test_industry_grade.py::TestSelfHealingWorkflow::test_107_healing_log_capture PASSED [ 30%]
tests/test_industry_grade.py::TestSelfHealingWorkflow::test_108_concurrent_healing_operations PASSED [ 30%]
tests/test_industry_grade.py::TestSelfHealingWorkflow::test_109_exponential_backoff PASSED [ 30%]
tests/test_industry_grade.py::TestSelfHealingWorkflow::test_110_metrics_accuracy PASSED [ 30%]
tests/test_industry_grade.py::TestMedicalAICommunication::test_111_phi_roundtrip_diagnostic PASSED [ 30%]
tests/test_industry_grade.py::TestMedicalAICommunication::test_112_phi_roundtrip_treatment PASSED [ 30%]
tests/test_industry_grade.py::TestMedicalAICommunication::test_113_phi_roundtrip_prescription PASSED [ 31%]
tests/test_industry_grade.py::TestMedicalAICommunication::test_114_phi_roundtrip_genomic PASSED [ 31%]
tests/test_industry_grade.py::TestMedicalAICommunication::test_115_phi_roundtrip_mental_health PASSED [ 31%]
tests/test_industry_grade.py::TestMedicalAICommunication::test_116_phi_roundtrip_substance_abuse PASSED [ 31%]
tests/test_industry_grade.py::TestMedicalAICommunication::test_117_audit_trail_created PASSED [ 31%]
tests/test_industry_grade.py::TestMedicalAICommunication::test_118_audit_trail_captures_failures PASSED [ 31%]
tests/test_industry_grade.py::TestMedicalAICommunication::test_119_patient_id_hashed_in_aad PASSED [ 32%]
tests/test_industry_grade.py::TestMedicalAICommunication::test_120_session_isolation PASSED [ 32%]
tests/test_industry_grade.py::TestMedicalAICommunication::test_121_large_medical_image_transfer PASSED [ 32%]
tests/test_industry_grade.py::TestMedicalAICommunication::test_122_multi_ai_chain_communication PASSED [ 32%]
tests/test_industry_grade.py::TestMedicalAICommunication::test_123_hipaa_minimum_necessary PASSED [ 32%]
tests/test_industry_grade.py::TestMedicalAICommunication::test_124_emergency_access_audit PASSED [ 32%]
tests/test_industry_grade.py::TestMedicalAICommunication::test_125_concurrent_patient_isolation PASSED [ 33%]
tests/test_industry_grade.py::TestMilitaryGradeSecurity::test_126_classification_cui PASSED [ 33%]
tests/test_industry_grade.py::TestMilitaryGradeSecurity::test_127_classification_secret PASSED [ 33%]
tests/test_industry_grade.py::TestMilitaryGradeSecurity::test_128_classification_top_secret PASSED [ 33%]
tests/test_industry_grade.py::TestMilitaryGradeSecurity::test_129_classification_ts_sci PASSED [ 33%]
tests/test_industry_grade.py::TestMilitaryGradeSecurity::test_130_message_sequencing PASSED [ 34%]
tests/test_industry_grade.py::TestMilitaryGradeSecurity::test_131_key_rotation_threshold PASSED [ 34%]
tests/test_industry_grade.py::TestMilitaryGradeSecurity::test_132_timestamp_millisecond_precision PASSED [ 34%]
tests/test_industry_grade.py::TestMilitaryGradeSecurity::test_133_priority_levels PASSED [ 34%]
tests/test_industry_grade.py::TestMilitaryGradeSecurity::test_134_cross_classification_isolation PASSED [ 34%]
tests/test_industry_grade.py::TestMilitaryGradeSecurity::test_135_fips_key_generation PASSED [ 34%]
tests/test_industry_grade.py::TestMilitaryGradeSecurity::test_136_large_classified_document PASSED [ 35%]
tests/test_industry_grade.py::TestMilitaryGradeSecurity::test_137_rapid_message_burst PASSED [ 35%]
tests/test_industry_grade.py::TestMilitaryGradeSecurity::test_138_compartment_separation PASSED [ 35%]
tests/test_industry_grade.py::TestMilitaryGradeSecurity::test_139_message_type_binding PASSED [ 35%]
tests/test_industry_grade.py::TestMilitaryGradeSecurity::test_140_zero_knowledge_verification PASSED [ 35%]
tests/test_industry_grade.py::TestAdversarialAttackResistance::test_141_replay_attack_prevention PASSED [ 35%]
tests/test_industry_grade.py::TestAdversarialAttackResistance::test_142_bit_flip_detection PASSED [ 36%]
tests/test_industry_grade.py::TestAdversarialAttackResistance::test_143_tag_truncation_attack PASSED [ 36%]
tests/test_industry_grade.py::TestAdversarialAttackResistance::test_144_nonce_reuse_detection PASSED [ 36%]
tests/test_industry_grade.py::TestAdversarialAttackResistance::test_145_padding_oracle_resistance PASSED [ 36%]
tests/test_industry_grade.py::TestAdversarialAttackResistance::test_146_timing_attack_resistance PASSED [ 36%]
tests/test_industry_grade.py::TestAdversarialAttackResistance::test_147_key_extraction_resistance PASSED [ 36%]
tests/test_industry_grade.py::TestAdversarialAttackResistance::test_148_chosen_plaintext_attack PASSED [ 37%]
tests/test_industry_grade.py::TestAdversarialAttackResistance::test_149_chosen_ciphertext_attack PASSED [ 37%]
tests/test_industry_grade.py::TestAdversarialAttackResistance::test_150_related_key_attack PASSED [ 37%]
tests/test_industry_grade.py::TestAdversarialAttackResistance::test_151_length_extension_attack PASSED [ 37%]
tests/test_industry_grade.py::TestAdversarialAttackResistance::test_152_downgrade_attack_prevention PASSED [ 37%]
tests/test_industry_grade.py::TestAdversarialAttackResistance::test_153_kid_manipulation_attack PASSED [ 37%]
tests/test_industry_grade.py::TestAdversarialAttackResistance::test_154_aad_injection_attack PASSED [ 38%]
tests/test_industry_grade.py::TestAdversarialAttackResistance::test_155_null_byte_injection PASSED [ 38%]
tests/test_industry_grade.py::TestQuantumResistantCrypto::test_156_kyber_key_generation_consistency PASSED [ 38%]
tests/test_industry_grade.py::TestQuantumResistantCrypto::test_157_kyber_encapsulation_uniqueness PASSED [ 38%]
tests/test_industry_grade.py::TestQuantumResistantCrypto::test_158_kyber_shared_secret_entropy PASSED [ 38%]
tests/test_industry_grade.py::TestQuantumResistantCrypto::test_159_kyber_decapsulation_correctness PASSED [ 38%]
tests/test_industry_grade.py::TestQuantumResistantCrypto::test_160_kyber_wrong_secret_key PASSED [ 39%]
tests/test_industry_grade.py::TestQuantumResistantCrypto::test_161_dilithium_signature_consistency PASSED [ 39%]
tests/test_industry_grade.py::TestQuantumResistantCrypto::test_162_dilithium_signature_uniqueness PASSED [ 39%]
tests/test_industry_grade.py::TestQuantumResistantCrypto::test_163_dilithium_different_messages PASSED [ 39%]
tests/test_industry_grade.py::TestQuantumResistantCrypto::test_164_dilithium_wrong_public_key PASSED [ 39%]
tests/test_industry_grade.py::TestQuantumResistantCrypto::test_165_pqc_status_reporting PASSED [ 39%]
tests/test_industry_grade.py::TestQuantumResistantCrypto::test_166_hybrid_mode_key_initialization PASSED [ 40%]
tests/test_industry_grade.py::TestQuantumResistantCrypto::test_167_kyber_ciphertext_size PASSED [ 40%]
tests/test_industry_grade.py::TestQuantumResistantCrypto::test_168_dilithium_signature_size PASSED [ 40%]
tests/test_industry_grade.py::TestQuantumResistantCrypto::test_169_pqc_fallback_functionality PASSED [ 40%]
tests/test_industry_grade.py::TestQuantumResistantCrypto::test_170_pqc_key_serialization PASSED [ 40%]
tests/test_industry_grade.py::TestChaosEngineeringFaultInjection::test_171_random_byte_corruption PASSED [ 40%]
tests/test_industry_grade.py::TestChaosEngineeringFaultInjection::test_172_truncated_ciphertext PASSED [ 41%]
tests/test_industry_grade.py::TestChaosEngineeringFaultInjection::test_173_extended_ciphertext PASSED [ 41%]
tests/test_industry_grade.py::TestChaosEngineeringFaultInjection::test_174_swapped_components PASSED [ 41%]
tests/test_industry_grade.py::TestChaosEngineeringFaultInjection::test_175_empty_components PASSED [ 41%]
tests/test_industry_grade.py::TestChaosEngineeringFaultInjection::test_176_concurrent_stress PASSED [ 41%]
tests/test_industry_grade.py::TestChaosEngineeringFaultInjection::test_177_memory_pressure PASSED [ 41%]
tests/test_industry_grade.py::TestChaosEngineeringFaultInjection::test_178_rapid_key_rotation PASSED [ 42%]
tests/test_industry_grade.py::TestChaosEngineeringFaultInjection::test_179_malformed_blob_handling PASSED [ 42%]
tests/test_industry_grade.py::TestChaosEngineeringFaultInjection::test_180_unicode_stress PASSED [ 42%]
tests/test_industry_grade.py::TestPerformanceScalability::test_181_seal_latency_small PASSED [ 42%]
tests/test_industry_grade.py::TestPerformanceScalability::test_182_unseal_latency_small PASSED [ 42%]
tests/test_industry_grade.py::TestPerformanceScalability::test_183_throughput_small_messages PASSED [ 42%]
tests/test_industry_grade.py::TestPerformanceScalability::test_184_large_message_performance PASSED [ 43%]
tests/test_industry_grade.py::TestPerformanceScalability::test_185_key_derivation_performance PASSED [ 43%]
tests/test_industry_grade.py::TestPerformanceScalability::test_186_concurrent_throughput PASSED [ 43%]
tests/test_industry_grade.py::TestPerformanceScalability::test_187_memory_efficiency PASSED [ 43%]
tests/test_industry_grade.py::TestPerformanceScalability::test_188_pqc_keygen_performance PASSED [ 43%]
tests/test_industry_grade.py::TestPerformanceScalability::test_189_pqc_encaps_performance PASSED [ 43%]
tests/test_industry_grade.py::TestPerformanceScalability::test_190_dilithium_sign_performance PASSED [ 44%]
tests/test_industry_grade.py::TestComplianceAudit::test_191_hipaa_phi_encryption PASSED [ 44%]
tests/test_industry_grade.py::TestComplianceAudit::test_192_hipaa_access_logging PASSED [ 44%]
tests/test_industry_grade.py::TestComplianceAudit::test_193_hipaa_minimum_necessary PASSED [ 44%]
tests/test_industry_grade.py::TestComplianceAudit::test_194_nist_key_length PASSED [ 44%]
tests/test_industry_grade.py::TestComplianceAudit::test_195_nist_approved_algorithms PASSED [ 44%]
tests/test_industry_grade.py::TestComplianceAudit::test_196_fips_random_generation PASSED [ 45%]
tests/test_industry_grade.py::TestComplianceAudit::test_197_pci_dss_encryption PASSED [ 45%]
tests/test_industry_grade.py::TestComplianceAudit::test_198_sox_audit_trail PASSED [ 45%]
tests/test_industry_grade.py::TestComplianceAudit::test_199_gdpr_data_minimization PASSED [ 45%]
tests/test_industry_grade.py::TestComplianceAudit::test_200_iso27001_key_management PASSED [ 45%]
tests/test_industry_grade.py::TestFinancialCriticalInfrastructure::test_201_swift_message_protection PASSED [ 45%]
tests/test_industry_grade.py::TestFinancialCriticalInfrastructure::test_202_high_value_transaction PASSED [ 46%]
tests/test_industry_grade.py::TestFinancialCriticalInfrastructure::test_203_trading_order_integrity PASSED [ 46%]
tests/test_industry_grade.py::TestFinancialCriticalInfrastructure::test_204_scada_command_protection PASSED [ 46%]
tests/test_industry_grade.py::TestFinancialCriticalInfrastructure::test_205_power_grid_telemetry PASSED [ 46%]
tests/test_industry_grade.py::TestFinancialCriticalInfrastructure::test_206_water_treatment_control PASSED [ 46%]
tests/test_industry_grade.py::TestFinancialCriticalInfrastructure::test_207_aviation_data_link PASSED [ 46%]
tests/test_industry_grade.py::TestFinancialCriticalInfrastructure::test_208_healthcare_device_telemetry PASSED [ 47%]
tests/test_industry_grade.py::TestFinancialCriticalInfrastructure::test_209_nuclear_facility_data PASSED [ 47%]
tests/test_industry_grade.py::TestFinancialCriticalInfrastructure::test_210_satellite_command PASSED [ 47%]
tests/test_industry_grade.py::TestAItoAIMultiAgent::test_211_diagnostic_ai_chain PASSED [ 47%]
tests/test_industry_grade.py::TestAItoAIMultiAgent::test_212_autonomous_vehicle_swarm PASSED [ 47%]
tests/test_industry_grade.py::TestAItoAIMultiAgent::test_213_drone_swarm_coordination PASSED [ 47%]
tests/test_industry_grade.py::TestAItoAIMultiAgent::test_214_financial_ai_consensus PASSED [ 48%]
tests/test_industry_grade.py::TestAItoAIMultiAgent::test_215_federated_learning_gradient PASSED [ 48%]
tests/test_industry_grade.py::TestAItoAIMultiAgent::test_216_llm_agent_orchestration PASSED [ 48%]
tests/test_industry_grade.py::TestAItoAIMultiAgent::test_217_medical_ai_second_opinion PASSED [ 48%]
tests/test_industry_grade.py::TestAItoAIMultiAgent::test_218_robotic_surgery_coordination PASSED [ 48%]
tests/test_industry_grade.py::TestAItoAIMultiAgent::test_219_pharmaceutical_ai_drug_interaction PASSED [ 48%]
tests/test_industry_grade.py::TestAItoAIMultiAgent::test_220_genomic_ai_analysis PASSED [ 49%]
tests/test_industry_grade.py::TestAItoAIMultiAgent::test_221_military_c2_ai_network PASSED [ 49%]
tests/test_industry_grade.py::TestAItoAIMultiAgent::test_222_intelligence_fusion_ai PASSED [ 49%]
tests/test_industry_grade.py::TestAItoAIMultiAgent::test_223_cyber_defense_ai_coordination PASSED [ 49%]
tests/test_industry_grade.py::TestAItoAIMultiAgent::test_224_space_mission_ai_control PASSED [ 49%]
tests/test_industry_grade.py::TestAItoAIMultiAgent::test_225_emergency_response_ai_network PASSED [ 49%]
tests/test_industry_grade.py::TestAItoAIMultiAgent::test_226_supply_chain_ai_tracking PASSED [ 50%]
tests/test_industry_grade.py::TestAItoAIMultiAgent::test_227_smart_grid_ai_coordination PASSED [ 50%]
tests/test_industry_grade.py::TestAItoAIMultiAgent::test_228_autonomous_factory_ai PASSED [ 50%]
tests/test_industry_grade.py::TestAItoAIMultiAgent::test_229_agricultural_ai_network PASSED [ 50%]
tests/test_industry_grade.py::TestAItoAIMultiAgent::test_230_legal_ai_document_review PASSED [ 50%]
tests/test_industry_grade.py::TestZeroTrustDefenseInDepth::test_231_no_implicit_trust PASSED [ 50%]
tests/test_industry_grade.py::TestZeroTrustDefenseInDepth::test_232_verify_then_trust PASSED [ 51%]
tests/test_industry_grade.py::TestZeroTrustDefenseInDepth::test_233_least_privilege_aad PASSED [ 51%]
tests/test_industry_grade.py::TestZeroTrustDefenseInDepth::test_234_microsegmentation PASSED [ 51%]
tests/test_industry_grade.py::TestZeroTrustDefenseInDepth::test_235_defense_layer_1_encryption PASSED [ 51%]
tests/test_industry_grade.py::TestZeroTrustDefenseInDepth::test_236_defense_layer_2_authentication PASSED [ 51%]
tests/test_industry_grade.py::TestZeroTrustDefenseInDepth::test_237_defense_layer_3_context_binding PASSED [ 51%]
tests/test_industry_grade.py::TestZeroTrustDefenseInDepth::test_238_defense_layer_4_key_isolation PASSED [ 52%]
tests/test_industry_grade.py::TestZeroTrustDefenseInDepth::test_239_defense_layer_5_freshness PASSED [ 52%]
tests/test_industry_grade.py::TestZeroTrustDefenseInDepth::test_240_continuous_verification PASSED [ 52%]
tests/test_industry_grade.py::TestZeroTrustDefenseInDepth::test_241_assume_breach_detection PASSED [ 52%]
tests/test_industry_grade.py::TestZeroTrustDefenseInDepth::test_242_fail_secure PASSED [ 52%]
tests/test_industry_grade.py::TestZeroTrustDefenseInDepth::test_243_audit_all_access PASSED [ 52%]
tests/test_industry_grade.py::TestZeroTrustDefenseInDepth::test_244_time_limited_access PASSED [ 53%]
tests/test_industry_grade.py::TestZeroTrustDefenseInDepth::test_245_multi_factor_context PASSED [ 53%]
tests/test_industry_grade.py::TestZeroTrustDefenseInDepth::test_246_network_segmentation_enforcement PASSED [ 53%]
tests/test_industry_grade.py::TestZeroTrustDefenseInDepth::test_247_privilege_escalation_prevention PASSED [ 53%]
tests/test_industry_grade.py::TestZeroTrustDefenseInDepth::test_248_lateral_movement_prevention PASSED [ 53%]
tests/test_industry_grade.py::TestZeroTrustDefenseInDepth::test_249_data_exfiltration_prevention PASSED [ 53%]
tests/test_industry_grade.py::TestZeroTrustDefenseInDepth::test_250_complete_zero_trust_flow PASSED [ 54%]
tests/test_known_limitations.py::TestCryptoLimitations::test_L01_quantum_computer_attack XFAIL [ 54%]
tests/test_known_limitations.py::TestCryptoLimitations::test_L02_forward_secrecy XFAIL [ 54%]
tests/test_known_limitations.py::TestCryptoLimitations::test_L03_deniable_encryption XFAIL [ 54%]
tests/test_known_limitations.py::TestCryptoLimitations::test_L04_timing_side_channel XPASS [ 54%]
tests/test_known_limitations.py::TestGeometricLimitations::test_L05_boundary_numerical_instability XPASS [ 54%]
tests/test_known_limitations.py::TestGeometricLimitations::test_L06_high_dimensional_performance XPASS [ 55%]
tests/test_known_limitations.py::TestGeometricLimitations::test_L07_complex_input_handling XPASS [ 55%]
tests/test_known_limitations.py::TestGeometricLimitations::test_L08_breathing_not_isometry XFAIL [ 55%]
tests/test_known_limitations.py::TestScaleLimitations::test_L09_very_large_message XFAIL [ 55%]
tests/test_known_limitations.py::TestScaleLimitations::test_L10_streaming_encryption XFAIL [ 55%]
tests/test_known_limitations.py::TestScaleLimitations::test_L11_parallel_processing XFAIL [ 55%]
tests/test_known_limitations.py::TestProtocolLimitations::test_L12_key_exchange XFAIL [ 56%]
tests/test_known_limitations.py::TestProtocolLimitations::test_L13_multi_party_decryption XFAIL [ 56%]
tests/test_known_limitations.py::TestProtocolLimitations::test_L14_homomorphic_encryption XFAIL [ 56%]
tests/test_known_limitations.py::TestProtocolLimitations::test_L15_searchable_encryption XFAIL [ 56%]
tests/test_known_limitations.py::TestProtocolLimitations::test_L16_attribute_based_access XFAIL [ 56%]
tests/test_known_limitations.py::TestOperationalLimitations::test_L17_hsm_support XFAIL [ 56%]
tests/test_known_limitations.py::TestOperationalLimitations::test_L18_key_escrow XFAIL [ 57%]
tests/test_known_limitations.py::TestOperationalLimitations::test_L19_certificate_integration XFAIL [ 57%]
tests/test_known_limitations.py::TestOperationalLimitations::test_L20_tamper_evident_logs XFAIL [ 57%]
tests/test_known_limitations.py::TestAttackSurfaceLimitations::test_L21_compromised_endpoint XFAIL [ 57%]
tests/test_known_limitations.py::TestAttackSurfaceLimitations::test_L22_coercion_attack XFAIL [ 57%]
tests/test_known_limitations.py::TestAttackSurfaceLimitations::test_L23_metadata_leakage XFAIL [ 57%]
tests/test_known_limitations.py::TestAttackSurfaceLimitations::test_L24_traffic_analysis XFAIL [ 58%]
tests/test_known_limitations.py::TestLimitationsSummary::test_L25_document_all_limitations PASSED [ 58%]
tests/test_sacred_tongue_integration.py::TestSacredTongueTokenizer::test_tongue_bijectivity PASSED [ 58%]
tests/test_sacred_tongue_integration.py::TestSacredTongueTokenizer::test_tongue_uniqueness PASSED [ 58%]
tests/test_sacred_tongue_integration.py::TestSacredTongueTokenizer::test_harmonic_fingerprint_determinism PASSED [ 58%]
tests/test_sacred_tongue_integration.py::TestSacredTongueTokenizer::test_section_integrity_validation PASSED [ 58%]
tests/test_sacred_tongue_integration.py::TestSacredTongueTokenizer::test_invalid_token_raises_error PASSED [ 59%]
tests/test_sacred_tongue_integration.py::TestRWPv3Protocol::test_encrypt_decrypt_roundtrip PASSED [ 59%]
tests/test_sacred_tongue_integration.py::TestRWPv3Protocol::test_invalid_password_fails PASSED [ 59%]
tests/test_sacred_tongue_integration.py::TestRWPv3Protocol::test_envelope_serialization PASSED [ 59%]
tests/test_sacred_tongue_integration.py::TestSCBEContextEncoder::test_complex_context_dimensions PASSED [ 59%]
tests/test_sacred_tongue_integration.py::TestSCBEContextEncoder::test_realification_dimensions PASSED [ 59%]
tests/test_sacred_tongue_integration.py::TestSCBEContextEncoder::test_poincare_ball_constraint PASSED [ 60%]
tests/test_sacred_tongue_integration.py::TestSCBEContextEncoder::test_full_pipeline_output_shape PASSED [ 60%]
tests/test_sacred_tongue_integration.py::TestIntegration::test_mars_communication_scenario PASSED [ 60%]
tests/test_sacred_tongue_integration.py::TestIntegration::test_spectral_coherence_validation PASSED [ 60%]
tests/test_sacred_tongue_integration.py::TestIntegration::test_governance_integration PASSED [ 60%]
tests/test_sacred_tongue_integration.py::TestProperties::test_property_encrypt_decrypt_inverse PASSED [ 60%]
tests/test_sacred_tongue_integration.py::TestProperties::test_property_poincare_ball_constraint PASSED [ 61%]
tests/test_sacred_tongue_integration.py::TestProperties::test_property_invalid_password_fails SKIPPED [ 61%]
tests/test_sacred_tongue_integration.py::TestPerformance::test_benchmark_encryption_latency PASSED [ 61%]
tests/test_sacred_tongue_integration.py::TestPerformance::test_benchmark_decryption_latency PASSED [ 61%]
tests/test_sacred_tongue_integration.py::TestPerformance::test_benchmark_context_encoding PASSED [ 61%]
tests/test_scbe_comprehensive.py::TestSacredTongueTokenizer::test_01_koraelin_has_256_tokens PASSED [ 61%]
tests/test_scbe_comprehensive.py::TestSacredTongueTokenizer::test_02_avali_has_256_tokens PASSED [ 62%]
tests/test_scbe_comprehensive.py::TestSacredTongueTokenizer::test_03_runethic_has_256_tokens PASSED [ 62%]
tests/test_scbe_comprehensive.py::TestSacredTongueTokenizer::test_04_cassisivadan_has_256_tokens PASSED [ 62%]
tests/test_scbe_comprehensive.py::TestSacredTongueTokenizer::test_05_umbroth_has_256_tokens PASSED [ 62%]
tests/test_scbe_comprehensive.py::TestSacredTongueTokenizer::test_06_draumric_has_256_tokens PASSED [ 62%]
tests/test_scbe_comprehensive.py::TestSacredTongueTokenizer::test_07_roundtrip_single_byte_all_tongues PASSED [ 62%]
tests/test_scbe_comprehensive.py::TestSacredTongueTokenizer::test_08_roundtrip_bytes_hello_world PASSED [ 63%]
tests/test_scbe_comprehensive.py::TestSacredTongueTokenizer::test_09_roundtrip_binary_data PASSED [ 63%]
tests/test_scbe_comprehensive.py::TestSacredTongueTokenizer::test_10_token_format_apostrophe PASSED [ 63%]
tests/test_scbe_comprehensive.py::TestSacredTongueTokenizer::test_11_token_boundary_0xff PASSED [ 63%]
tests/test_scbe_comprehensive.py::TestSacredTongueTokenizer::test_12_token_byte_42 PASSED [ 63%]
tests/test_scbe_comprehensive.py::TestSacredTongueTokenizer::test_13_section_encoding_salt_uses_runethic PASSED [ 63%]
tests/test_scbe_comprehensive.py::TestSacredTongueTokenizer::test_14_section_encoding_nonce_uses_koraelin PASSED [ 64%]
tests/test_scbe_comprehensive.py::TestSacredTongueTokenizer::test_15_section_encoding_ct_uses_cassisivadan PASSED [ 64%]
tests/test_scbe_comprehensive.py::TestSacredTongueTokenizer::test_16_section_encoding_tag_uses_draumric PASSED [ 64%]
tests/test_scbe_comprehensive.py::TestSacredTongueTokenizer::test_17_empty_data_encoding PASSED [ 64%]
tests/test_scbe_comprehensive.py::TestSacredTongueTokenizer::test_18_large_data_encoding PASSED [ 64%]
tests/test_scbe_comprehensive.py::TestSS1Format::test_19_format_parse_roundtrip PASSED [ 64%]
tests/test_scbe_comprehensive.py::TestSS1Format::test_20_blob_starts_with_ss1 PASSED [ 65%]
tests/test_scbe_comprehensive.py::TestSS1Format::test_21_blob_contains_kid PASSED [ 65%]
tests/test_scbe_comprehensive.py::TestSS1Format::test_22_blob_contains_aad PASSED [ 65%]
tests/test_scbe_comprehensive.py::TestSS1Format::test_23_blob_empty_aad PASSED [ 65%]
tests/test_scbe_comprehensive.py::TestSS1Format::test_24_blob_special_chars_in_aad PASSED [ 65%]
tests/test_scbe_comprehensive.py::TestSS1Format::test_25_blob_large_ciphertext PASSED [ 65%]
tests/test_scbe_comprehensive.py::TestSS1Format::test_26_blob_binary_salt PASSED [ 66%]
tests/test_scbe_comprehensive.py::TestSS1Format::test_27_blob_binary_nonce PASSED [ 66%]
tests/test_scbe_comprehensive.py::TestSS1Format::test_28_blob_binary_tag PASSED [ 66%]
tests/test_scbe_comprehensive.py::TestSpiralSealSS1::test_29_seal_unseal_roundtrip PASSED [ 66%]
tests/test_scbe_comprehensive.py::TestSpiralSealSS1::test_30_seal_produces_ss1_format PASSED [ 66%]
tests/test_scbe_comprehensive.py::TestSpiralSealSS1::test_31_aad_mismatch_fails PASSED [ 67%]
tests/test_scbe_comprehensive.py::TestSpiralSealSS1::test_32_tampered_tag_fails PASSED [ 67%]
tests/test_scbe_comprehensive.py::TestSpiralSealSS1::test_33_tampered_ciphertext_fails PASSED [ 67%]
tests/test_scbe_comprehensive.py::TestSpiralSealSS1::test_34_tampered_salt_fails PASSED [ 67%]
tests/test_scbe_comprehensive.py::TestSpiralSealSS1::test_35_tampered_nonce_fails PASSED [ 67%]
tests/test_scbe_comprehensive.py::TestSpiralSealSS1::test_36_wrong_key_fails PASSED [ 67%]
tests/test_scbe_comprehensive.py::TestSpiralSealSS1::test_37_convenience_seal_function PASSED [ 68%]
tests/test_scbe_comprehensive.py::TestSpiralSealSS1::test_38_convenience_unseal_function PASSED [ 68%]
tests/test_scbe_comprehensive.py::TestSpiralSealSS1::test_39_key_rotation PASSED [ 68%]
tests/test_scbe_comprehensive.py::TestSpiralSealSS1::test_40_key_rotation_old_fails PASSED [ 68%]
tests/test_scbe_comprehensive.py::TestSpiralSealSS1::test_41_status_report PASSED [ 68%]
tests/test_scbe_comprehensive.py::TestSpiralSealSS1::test_42_empty_plaintext PASSED [ 68%]
tests/test_scbe_comprehensive.py::TestSpiralSealSS1::test_43_large_plaintext PASSED [ 69%]
tests/test_scbe_comprehensive.py::TestSpiralSealSS1::test_44_string_plaintext_conversion PASSED [ 69%]
tests/test_scbe_comprehensive.py::TestSpiralSealSS1::test_45_unicode_plaintext PASSED [ 69%]
tests/test_scbe_comprehensive.py::TestSpiralSealSS1::test_46_invalid_master_secret_length PASSED [ 69%]
tests/test_scbe_comprehensive.py::TestSpiralSealSS1::test_47_deterministic_with_same_inputs PASSED [ 69%]
tests/test_scbe_comprehensive.py::TestSpiralSealSS1::test_48_hybrid_mode_initialization PASSED [ 69%]
tests/test_scbe_comprehensive.py::TestCryptoPrimitives::test_49_aes_gcm_encrypt_decrypt PASSED [ 70%]
tests/test_scbe_comprehensive.py::TestCryptoPrimitives::test_50_aes_gcm_with_aad PASSED [ 70%]
tests/test_scbe_comprehensive.py::TestCryptoPrimitives::test_51_aes_gcm_wrong_aad_fails PASSED [ 70%]
tests/test_scbe_comprehensive.py::TestCryptoPrimitives::test_52_aes_gcm_nonce_length PASSED [ 70%]
tests/test_scbe_comprehensive.py::TestCryptoPrimitives::test_53_aes_gcm_tag_length PASSED [ 70%]
tests/test_scbe_comprehensive.py::TestCryptoPrimitives::test_54_aes_gcm_invalid_key_length PASSED [ 70%]
tests/test_scbe_comprehensive.py::TestCryptoPrimitives::test_55_derive_key_deterministic PASSED [ 71%]
tests/test_scbe_comprehensive.py::TestCryptoPrimitives::test_56_derive_key_different_salt PASSED [ 71%]
tests/test_scbe_comprehensive.py::TestCryptoPrimitives::test_57_derive_key_different_info PASSED [ 71%]
tests/test_scbe_comprehensive.py::TestCryptoPrimitives::test_58_derive_key_length PASSED [ 71%]
tests/test_scbe_comprehensive.py::TestCryptoPrimitives::test_59_sha256_hash PASSED [ 71%]
tests/test_scbe_comprehensive.py::TestCryptoPrimitives::test_60_sha256_hex PASSED [ 71%]
tests/test_scbe_comprehensive.py::TestCryptoPrimitives::test_61_constant_time_compare_equal PASSED [ 72%]
tests/test_scbe_comprehensive.py::TestCryptoPrimitives::test_62_constant_time_compare_unequal PASSED [ 72%]
tests/test_scbe_comprehensive.py::TestPostQuantumCrypto::test_63_kyber_keygen PASSED [ 72%]
tests/test_scbe_comprehensive.py::TestPostQuantumCrypto::test_64_kyber_encaps_decaps PASSED [ 72%]
tests/test_scbe_comprehensive.py::TestPostQuantumCrypto::test_65_kyber_shared_secret_length PASSED [ 72%]
tests/test_scbe_comprehensive.py::TestPostQuantumCrypto::test_66_kyber_different_keypairs PASSED [ 72%]
tests/test_scbe_comprehensive.py::TestPostQuantumCrypto::test_67_kyber_status PASSED [ 73%]
tests/test_scbe_comprehensive.py::TestPostQuantumCrypto::test_68_dilithium_keygen PASSED [ 73%]
tests/test_scbe_comprehensive.py::TestPostQuantumCrypto::test_69_dilithium_sign_verify PASSED [ 73%]
tests/test_scbe_comprehensive.py::TestPostQuantumCrypto::test_70_dilithium_wrong_message_fails PASSED [ 73%]
tests/test_scbe_comprehensive.py::TestPostQuantumCrypto::test_71_dilithium_signature_not_empty PASSED [ 73%]
tests/test_scbe_comprehensive.py::TestPostQuantumCrypto::test_72_dilithium_status PASSED [ 73%]
tests/test_scbe_comprehensive.py::TestPostQuantumCrypto::test_73_pqc_fallback_warning PASSED [ 74%]
tests/test_scbe_comprehensive.py::TestPostQuantumCrypto::test_74_pqc_sig_fallback_warning PASSED [ 74%]
tests/test_scbe_comprehensive.py::TestHarmonicScalingAxioms::test_75_harmonic_scaling_d0 PASSED [ 74%]
tests/test_scbe_comprehensive.py::TestHarmonicScalingAxioms::test_76_harmonic_scaling_d1 PASSED [ 74%]
tests/test_scbe_comprehensive.py::TestHarmonicScalingAxioms::test_77_harmonic_scaling_d2 PASSED [ 74%]
tests/test_scbe_comprehensive.py::TestHarmonicScalingAxioms::test_78_harmonic_scaling_d3 PASSED [ 74%]
tests/test_scbe_comprehensive.py::TestHarmonicScalingAxioms::test_79_harmonic_scaling_super_exponential PASSED [ 75%]
tests/test_scbe_comprehensive.py::TestHarmonicScalingAxioms::test_80_golden_ratio_approximation PASSED [ 75%]
tests/test_scbe_comprehensive.py::TestHarmonicScalingAxioms::test_81_metric_tensor_diagonal PASSED [ 75%]
tests/test_scbe_comprehensive.py::TestHarmonicScalingAxioms::test_82_metric_tensor_weights PASSED [ 75%]
tests/test_scbe_comprehensive.py::TestHarmonicScalingAxioms::test_83_context_distance_zero PASSED [ 75%]
tests/test_scbe_comprehensive.py::TestHarmonicScalingAxioms::test_84_context_distance_symmetric PASSED [ 75%]
tests/test_scbe_comprehensive.py::TestHarmonicScalingAxioms::test_85_context_distance_triangle_inequality PASSED [ 76%]
tests/test_scbe_comprehensive.py::TestHarmonicScalingAxioms::test_86_axiom_a4_clamping_bounded PASSED [ 76%]
tests/test_scbe_comprehensive.py::TestEdgeCasesAndFaults::test_87_seal_with_null_bytes PASSED [ 76%]
tests/test_scbe_comprehensive.py::TestEdgeCasesAndFaults::test_88_seal_with_high_bytes PASSED [ 76%]
tests/test_scbe_comprehensive.py::TestEdgeCasesAndFaults::test_89_multiple_seals_same_instance PASSED [ 76%]
tests/test_scbe_comprehensive.py::TestEdgeCasesAndFaults::test_90_concurrent_seal_unseal PASSED [ 76%]
tests/test_scbe_comprehensive.py::TestEdgeCasesAndFaults::test_91_aad_with_unicode PASSED [ 77%]
tests/test_scbe_comprehensive.py::TestEdgeCasesAndFaults::test_92_very_long_aad PASSED [ 77%]
tests/test_scbe_comprehensive.py::TestEdgeCasesAndFaults::test_93_kid_with_special_chars PASSED [ 77%]
tests/test_scbe_comprehensive.py::TestEdgeCasesAndFaults::test_94_random_master_secret_warning PASSED [ 77%]
tests/test_scbe_comprehensive.py::TestEdgeCasesAndFaults::test_95_get_random_entropy PASSED [ 77%]
tests/test_scbe_comprehensive.py::TestEdgeCasesAndFaults::test_96_get_random_length PASSED [ 77%]
tests/test_scbe_comprehensive.py::TestEdgeCasesAndFaults::test_97_avalanche_effect PASSED [ 78%]
tests/test_scbe_comprehensive.py::TestEdgeCasesAndFaults::test_98_timing_consistency PASSED [ 78%]
tests/test_scbe_comprehensive.py::TestEdgeCasesAndFaults::test_99_hybrid_mode_seal_unseal PASSED [ 78%]
tests/test_scbe_comprehensive.py::TestEdgeCasesAndFaults::test_100_full_integration PASSED [ 78%]
tests/test_spiral_seal.py::TestSacredTongueTokenizer::test_all_tongues_have_256_tokens PASSED [ 78%]
tests/test_spiral_seal.py::TestSacredTongueTokenizer::test_roundtrip_single_byte PASSED [ 78%]
tests/test_spiral_seal.py::TestSacredTongueTokenizer::test_roundtrip_bytes PASSED [ 79%]
tests/test_spiral_seal.py::TestSacredTongueTokenizer::test_token_format PASSED [ 79%]
tests/test_spiral_seal.py::TestSacredTongueTokenizer::test_section_encoding PASSED [ 79%]
tests/test_spiral_seal.py::TestSS1Format::test_format_and_parse_roundtrip PASSED [ 79%]
tests/test_spiral_seal.py::TestSpiralSealSS1::test_seal_unseal_roundtrip PASSED [ 79%]
tests/test_spiral_seal.py::TestSpiralSealSS1::test_aad_mismatch_fails PASSED [ 79%]
tests/test_spiral_seal.py::TestSpiralSealSS1::test_tampered_ciphertext_fails PASSED [ 80%]
tests/test_spiral_seal.py::TestSpiralSealSS1::test_convenience_functions PASSED [ 80%]
tests/test_spiral_seal.py::TestSpiralSealSS1::test_key_rotation PASSED   [ 80%]
tests/test_spiral_seal.py::TestSpiralSealSS1::test_status_report PASSED  [ 80%]
tests/test_spiral_seal.py::TestCryptoBackends::test_utils_available PASSED [ 80%]
tests/test_spiral_seal_comprehensive.py::TestSacredTongueComprehensive::test_01_all_tongues_256_unique_tokens PASSED [ 80%]
tests/test_spiral_seal_comprehensive.py::TestSacredTongueComprehensive::test_02_bijective_mapping_all_bytes PASSED [ 81%]
tests/test_spiral_seal_comprehensive.py::TestSacredTongueComprehensive::test_03_token_format_apostrophe_separator PASSED [ 81%]
tests/test_spiral_seal_comprehensive.py::TestSacredTongueComprehensive::test_04_empty_input_encoding PASSED [ 81%]
tests/test_spiral_seal_comprehensive.py::TestSacredTongueComprehensive::test_05_large_payload_encoding PASSED [ 81%]
tests/test_spiral_seal_comprehensive.py::TestSacredTongueComprehensive::test_06_all_byte_values_in_sequence PASSED [ 81%]
tests/test_spiral_seal_comprehensive.py::TestSacredTongueComprehensive::test_07_repeated_bytes_encoding PASSED [ 81%]
tests/test_spiral_seal_comprehensive.py::TestSacredTongueComprehensive::test_08_section_tongue_assignment PASSED [ 82%]
tests/test_spiral_seal_comprehensive.py::TestSacredTongueComprehensive::test_09_tokens_are_ascii_safe PASSED [ 82%]
tests/test_spiral_seal_comprehensive.py::TestSacredTongueComprehensive::test_10_whitespace_tolerance_in_decode PASSED [ 82%]
tests/test_spiral_seal_comprehensive.py::TestSacredTongueComprehensive::test_11_koraelin_nonce_encoding PASSED [ 82%]
tests/test_spiral_seal_comprehensive.py::TestSacredTongueComprehensive::test_12_avali_aad_encoding PASSED [ 82%]
tests/test_spiral_seal_comprehensive.py::TestSacredTongueComprehensive::test_13_runethic_salt_encoding PASSED [ 82%]
tests/test_spiral_seal_comprehensive.py::TestSacredTongueComprehensive::test_14_cassisivadan_ciphertext_encoding PASSED [ 83%]
tests/test_spiral_seal_comprehensive.py::TestSacredTongueComprehensive::test_15_draumric_tag_encoding PASSED [ 83%]
tests/test_spiral_seal_comprehensive.py::TestSacredTongueComprehensive::test_16_invalid_tongue_code_raises PASSED [ 83%]
tests/test_spiral_seal_comprehensive.py::TestSacredTongueComprehensive::test_17_invalid_token_decode_raises PASSED [ 83%]
tests/test_spiral_seal_comprehensive.py::TestSacredTongueComprehensive::test_18_null_bytes_encoding PASSED [ 83%]
tests/test_spiral_seal_comprehensive.py::TestSacredTongueComprehensive::test_19_high_entropy_data PASSED [ 83%]
tests/test_spiral_seal_comprehensive.py::TestSacredTongueComprehensive::test_20_deterministic_encoding PASSED [ 84%]
tests/test_spiral_seal_comprehensive.py::TestAESGCMSecurity::test_21_key_must_be_32_bytes PASSED [ 84%]
tests/test_spiral_seal_comprehensive.py::TestAESGCMSecurity::test_22_nonce_is_96_bits PASSED [ 84%]
tests/test_spiral_seal_comprehensive.py::TestAESGCMSecurity::test_23_tag_is_128_bits PASSED [ 84%]
tests/test_spiral_seal_comprehensive.py::TestAESGCMSecurity::test_24_nonce_uniqueness_per_key PASSED [ 84%]
tests/test_spiral_seal_comprehensive.py::TestAESGCMSecurity::test_25_ciphertext_randomization PASSED [ 84%]
tests/test_spiral_seal_comprehensive.py::TestAESGCMSecurity::test_26_tampered_tag_fails_auth PASSED [ 85%]
tests/test_spiral_seal_comprehensive.py::TestAESGCMSecurity::test_27_tampered_ciphertext_fails_auth PASSED [ 85%]
tests/test_spiral_seal_comprehensive.py::TestAESGCMSecurity::test_28_aad_is_authenticated PASSED [ 85%]
tests/test_spiral_seal_comprehensive.py::TestAESGCMSecurity::test_29_empty_plaintext_encryption PASSED [ 85%]
tests/test_spiral_seal_comprehensive.py::TestAESGCMSecurity::test_30_large_plaintext_encryption PASSED [ 85%]
tests/test_spiral_seal_comprehensive.py::TestAESGCMSecurity::test_31_wrong_key_fails_decryption PASSED [ 85%]
tests/test_spiral_seal_comprehensive.py::TestAESGCMSecurity::test_32_wrong_nonce_fails_decryption PASSED [ 86%]
tests/test_spiral_seal_comprehensive.py::TestAESGCMSecurity::test_33_nonce_length_validation PASSED [ 86%]
tests/test_spiral_seal_comprehensive.py::TestAESGCMSecurity::test_34_tag_length_validation PASSED [ 86%]
tests/test_spiral_seal_comprehensive.py::TestAESGCMSecurity::test_35_aad_with_special_characters PASSED [ 86%]
tests/test_spiral_seal_comprehensive.py::TestAESGCMSecurity::test_36_ciphertext_length_equals_plaintext PASSED [ 86%]
tests/test_spiral_seal_comprehensive.py::TestAESGCMSecurity::test_37_different_keys_different_ciphertext PASSED [ 86%]
tests/test_spiral_seal_comprehensive.py::TestAESGCMSecurity::test_38_encryption_is_not_deterministic PASSED [ 87%]
tests/test_spiral_seal_comprehensive.py::TestAESGCMSecurity::test_39_partial_tag_truncation_fails PASSED [ 87%]
tests/test_spiral_seal_comprehensive.py::TestAESGCMSecurity::test_40_bit_flip_in_any_position_detected PASSED [ 87%]
tests/test_spiral_seal_comprehensive.py::TestHKDFKeyDerivation::test_41_basic_key_derivation PASSED [ 87%]
tests/test_spiral_seal_comprehensive.py::TestHKDFKeyDerivation::test_42_different_salts_different_keys PASSED [ 87%]
tests/test_spiral_seal_comprehensive.py::TestHKDFKeyDerivation::test_43_different_info_different_keys PASSED [ 87%]
tests/test_spiral_seal_comprehensive.py::TestHKDFKeyDerivation::test_44_empty_salt_handling PASSED [ 88%]
tests/test_spiral_seal_comprehensive.py::TestHKDFKeyDerivation::test_45_variable_output_length PASSED [ 88%]
tests/test_spiral_seal_comprehensive.py::TestHKDFKeyDerivation::test_46_key_derivation_one_way PASSED [ 88%]
tests/test_spiral_seal_comprehensive.py::TestHKDFKeyDerivation::test_47_high_entropy_output PASSED [ 88%]
tests/test_spiral_seal_comprehensive.py::TestHKDFKeyDerivation::test_48_various_input_sizes PASSED [ 88%]
tests/test_spiral_seal_comprehensive.py::TestHKDFKeyDerivation::test_49_scbe_context_strings PASSED [ 88%]
tests/test_spiral_seal_comprehensive.py::TestHKDFKeyDerivation::test_50_long_info_string PASSED [ 89%]
tests/test_spiral_seal_comprehensive.py::TestPostQuantumCrypto::test_51_kyber_keygen_produces_keys PASSED [ 89%]
tests/test_spiral_seal_comprehensive.py::TestPostQuantumCrypto::test_52_kyber_encaps_decaps_roundtrip PASSED [ 89%]
tests/test_spiral_seal_comprehensive.py::TestPostQuantumCrypto::test_53_kyber_shared_secret_length PASSED [ 89%]
tests/test_spiral_seal_comprehensive.py::TestPostQuantumCrypto::test_54_kyber_different_keys_different_secrets PASSED [ 89%]
tests/test_spiral_seal_comprehensive.py::TestPostQuantumCrypto::test_55_kyber_ciphertext_non_empty PASSED [ 89%]
tests/test_spiral_seal_comprehensive.py::TestPostQuantumCrypto::test_56_dilithium_keygen_produces_keys PASSED [ 90%]
tests/test_spiral_seal_comprehensive.py::TestPostQuantumCrypto::test_57_dilithium_sign_verify_roundtrip PASSED [ 90%]
tests/test_spiral_seal_comprehensive.py::TestPostQuantumCrypto::test_58_dilithium_wrong_message_fails PASSED [ 90%]
tests/test_spiral_seal_comprehensive.py::TestPostQuantumCrypto::test_59_dilithium_wrong_key_fails PASSED [ 90%]
tests/test_spiral_seal_comprehensive.py::TestPostQuantumCrypto::test_60_dilithium_signature_non_empty PASSED [ 90%]
tests/test_spiral_seal_comprehensive.py::TestPostQuantumCrypto::test_61_pqc_status_reports_backend PASSED [ 90%]
tests/test_spiral_seal_comprehensive.py::TestPostQuantumCrypto::test_62_kyber_encaps_randomized PASSED [ 91%]
tests/test_spiral_seal_comprehensive.py::TestPostQuantumCrypto::test_63_dilithium_signatures_randomized PASSED [ 91%]
tests/test_spiral_seal_comprehensive.py::TestPostQuantumCrypto::test_64_dilithium_empty_message PASSED [ 91%]
tests/test_spiral_seal_comprehensive.py::TestPostQuantumCrypto::test_65_dilithium_large_message PASSED [ 91%]
tests/test_spiral_seal_comprehensive.py::TestSpiralSealAPI::test_66_basic_seal_unseal_roundtrip PASSED [ 91%]
tests/test_spiral_seal_comprehensive.py::TestSpiralSealAPI::test_67_aad_binding PASSED [ 91%]
tests/test_spiral_seal_comprehensive.py::TestSpiralSealAPI::test_68_wrong_aad_fails PASSED [ 92%]
tests/test_spiral_seal_comprehensive.py::TestSpiralSealAPI::test_69_key_id_in_output PASSED [ 92%]
tests/test_spiral_seal_comprehensive.py::TestSpiralSealAPI::test_70_ss1_format_prefix PASSED [ 92%]
tests/test_spiral_seal_comprehensive.py::TestSpiralSealAPI::test_71_key_rotation PASSED [ 92%]
tests/test_spiral_seal_comprehensive.py::TestSpiralSealAPI::test_72_old_key_fails_after_rotation PASSED [ 92%]
tests/test_spiral_seal_comprehensive.py::TestSpiralSealAPI::test_73_master_secret_validation PASSED [ 92%]
tests/test_spiral_seal_comprehensive.py::TestSpiralSealAPI::test_74_convenience_seal_function PASSED [ 93%]
tests/test_spiral_seal_comprehensive.py::TestSpiralSealAPI::test_75_convenience_unseal_function PASSED [ 93%]
tests/test_spiral_seal_comprehensive.py::TestSpiralSealAPI::test_76_string_plaintext_encoding PASSED [ 93%]
tests/test_spiral_seal_comprehensive.py::TestSpiralSealAPI::test_77_empty_plaintext PASSED [ 93%]
tests/test_spiral_seal_comprehensive.py::TestSpiralSealAPI::test_78_large_plaintext PASSED [ 93%]
tests/test_spiral_seal_comprehensive.py::TestSpiralSealAPI::test_79_status_report PASSED [ 93%]
tests/test_spiral_seal_comprehensive.py::TestSpiralSealAPI::test_80_hybrid_mode_initialization PASSED [ 94%]
tests/test_spiral_seal_comprehensive.py::TestSS1BlobFormat::test_81_format_parse_roundtrip PASSED [ 94%]
tests/test_spiral_seal_comprehensive.py::TestSS1BlobFormat::test_82_version_prefix PASSED [ 94%]
tests/test_spiral_seal_comprehensive.py::TestSS1BlobFormat::test_83_all_sections_present PASSED [ 94%]
tests/test_spiral_seal_comprehensive.py::TestSS1BlobFormat::test_84_sacred_tongue_prefixes PASSED [ 94%]
tests/test_spiral_seal_comprehensive.py::TestSS1BlobFormat::test_85_empty_aad_handling PASSED [ 94%]
tests/test_spiral_seal_comprehensive.py::TestSS1BlobFormat::test_86_special_chars_in_aad PASSED [ 95%]
tests/test_spiral_seal_comprehensive.py::TestSS1BlobFormat::test_87_binary_data_integrity PASSED [ 95%]
tests/test_spiral_seal_comprehensive.py::TestSS1BlobFormat::test_88_long_ciphertext PASSED [ 95%]
tests/test_spiral_seal_comprehensive.py::TestSS1BlobFormat::test_89_various_key_id_formats PASSED [ 95%]
tests/test_spiral_seal_comprehensive.py::TestSS1BlobFormat::test_90_pipe_delimiter_structure PASSED [ 95%]
tests/test_spiral_seal_comprehensive.py::TestSecurityProperties::test_91_constant_time_compare PASSED [ 95%]
tests/test_spiral_seal_comprehensive.py::TestSecurityProperties::test_92_fail_to_noise_policy PASSED [ 96%]
tests/test_spiral_seal_comprehensive.py::TestSecurityProperties::test_93_no_plaintext_in_errors PASSED [ 96%]
tests/test_spiral_seal_comprehensive.py::TestSecurityProperties::test_94_random_number_quality PASSED [ 96%]
tests/test_spiral_seal_comprehensive.py::TestSecurityProperties::test_95_key_material_not_in_output PASSED [ 96%]
tests/test_spiral_seal_comprehensive.py::TestSecurityProperties::test_96_derived_keys_differ_from_master PASSED [ 96%]
tests/test_spiral_seal_comprehensive.py::TestSecurityProperties::test_97_nonce_uniqueness_across_instances PASSED [ 96%]
tests/test_spiral_seal_comprehensive.py::TestSecurityProperties::test_98_salt_uniqueness PASSED [ 97%]
tests/test_spiral_seal_comprehensive.py::TestSecurityProperties::test_99_timing_consistency_basic PASSED [ 97%]
tests/test_spiral_seal_comprehensive.py::TestSecurityProperties::test_100_sha256_correctness PASSED [ 97%]
tests/test_spiral_seal_comprehensive.py::TestPropertyBased::test_101_roundtrip_any_bytes PASSED [ 97%]
tests/test_spiral_seal_comprehensive.py::TestPropertyBased::test_102_roundtrip_any_aad PASSED [ 97%]
tests/test_spiral_seal_comprehensive.py::TestPropertyBased::test_103_sacred_tongue_roundtrip_property PASSED [ 97%]
tests/test_spiral_seal_comprehensive.py::TestPropertyBased::test_104_aes_gcm_roundtrip_property PASSED [ 98%]
tests/test_spiral_seal_comprehensive.py::TestPropertyBased::test_105_hkdf_output_length_property PASSED [ 98%]
tests/test_spiral_seal_comprehensive.py::TestPropertyBased::test_106_different_inputs_different_outputs PASSED [ 98%]
tests/test_spiral_seal_comprehensive.py::TestPropertyBased::test_107_kyber_consistency_property PASSED [ 98%]
tests/test_spiral_seal_comprehensive.py::TestPropertyBased::test_108_dilithium_sign_verify_property PASSED [ 98%]
tests/test_spiral_seal_comprehensive.py::TestPropertyBased::test_109_ss1_blob_format_property PASSED [ 98%]
tests/test_spiral_seal_comprehensive.py::TestPropertyBased::test_110_key_derivation_determinism PASSED [ 99%]
tests/test_spiral_seal_comprehensive.py::TestIntegrationStress::test_111_full_pipeline_integration PASSED [ 99%]
tests/test_spiral_seal_comprehensive.py::TestIntegrationStress::test_112_high_volume_stress PASSED [ 99%]
tests/test_spiral_seal_comprehensive.py::TestIntegrationStress::test_113_sequential_multi_instance PASSED [ 99%]
tests/test_spiral_seal_comprehensive.py::TestIntegrationStress::test_114_memory_efficiency PASSED [ 99%]
tests/test_spiral_seal_comprehensive.py::TestIntegrationStress::test_115_error_recovery PASSED [100%]

=============================== tests coverage ================================
_______________ coverage: platform win32, python 3.14.0-final-0 _______________

Name                                                                      Stmts   Miss  Cover   Missing
-------------------------------------------------------------------------------------------------------
src\aethermoore.py                                                          105    105     0%   12-191
src\ai_orchestration\__init__.py                                              7      7     0%   37-62
src\ai_orchestration\agents.py                                              244    244     0%   20-724
src\ai_orchestration\logging.py                                             262    262     0%   15-713
src\ai_orchestration\orchestrator.py                                        200    200     0%   20-593
src\ai_orchestration\security.py                                            174    174     0%   20-532
src\ai_orchestration\setup_assistant.py                                     216    216     0%   21-720
src\ai_orchestration\tasks.py                                               234    234     0%   18-612
src\crypto\rwp_v3.py                                                        107     27    75%   32-34, 39-41, 45, 104, 106, 141, 143, 149-152, 197-199, 210-211, 260-263, 267-271
src\crypto\sacred_tongues.py                                                 79      7    91%   45, 177, 183, 190, 197, 209, 216
src\lambda_tests\__init__.py                                                  0      0   100%
src\lambda_tests\test_pqc.py                                                520    520     0%   13-1094
src\physics_sim\__init__.py                                                  13      0   100%
src\physics_sim\atmosphere.py                                               147    111    24%   76-81, 94-98, 114-145, 160-162, 177, 192, 210, 230-231, 247, 263-264, 280, 297-313, 343-346, 365-366, 381-382, 398-409, 425-439, 461-539
src\physics_sim\core.py                                                     347    320     8%   54-130, 149-251, 270-364, 382-455, 474-549, 567-617
src\physics_sim\fluids.py                                                   190    149    22%   79, 95, 112, 131, 148, 165, 191-199, 215, 235-242, 260-263, 285, 303, 318-329, 349, 368, 388-410, 430, 450, 467, 504-505, 521, 537-538, 554-563, 578, 598-605, 621, 635-641, 657-660, 676-682, 702, 718, 734, 749, 765, 780, 805-917
src\physics_sim\nuclear.py                                                  200    140    30%   113, 128, 145, 161, 177, 192, 208-209, 224, 240-242, 266-276, 294-296, 315, 331-353, 369-370, 387-397, 410-411, 434-435, 456-460, 476-484, 503-506, 523-524, 548-554, 568, 589, 607, 625, 648-658, 678, 695, 725, 742, 764-846
src\physics_sim\numerical.py                                                320    284    11%   38, 43, 48, 53, 58, 63-66, 71, 97-98, 115-129, 151-161, 178-192, 213-260, 281-292, 313-327, 348-367, 387-403, 422-436, 457-470, 487-493, 508-520, 536-561, 582-590, 605-641, 658-667, 694-708, 733-786, 802-827, 844-888
src\physics_sim\orbital.py                                                  237    177    25%   67, 70, 101, 118, 134, 150, 167, 183-185, 202, 218, 234, 250, 267, 283-284, 300, 320, 336, 356-371, 387, 404-412, 434-452, 484-508, 533, 550, 571, 599, 616, 631-633, 649, 674-677, 698-701, 723-736, 757, 774, 799-930
src\physics_sim\simulator.py                                                379    294    22%   88-89, 93, 97-98, 120, 127-128, 132-157, 164, 167-169, 176-177, 180-193, 200, 203-235, 242, 245-270, 277-280, 283-295, 310-316, 320-321, 325, 329, 333-334, 338-342, 346-350, 354-358, 363-377, 381-455, 459-502, 506-525, 529-542, 554-559, 568-582, 586-589, 593-602, 624-644, 663-697, 715-753, 769-803
src\physics_sim\statistical.py                                              197    157    20%   50-51, 67, 85-98, 114-123, 141-144, 165-167, 183-187, 203, 219, 235, 252-257, 274-282, 300-303, 319-326, 346, 363, 380, 397-401, 422, 441, 456-460, 476-480, 500, 515, 533-534, 551, 568-598, 620, 636, 651, 669-671, 695-767
src\physics_sim\test_physics.py                                             118    118     0%   8-314
src\physics_sim\test_physics_comprehensive.py                               242    242     0%   13-542
src\physics_sim\waves_optics.py                                             225    171    24%   48, 64, 79, 94, 109, 125, 140, 165, 184, 200, 217, 238-249, 265, 282-285, 302, 323-330, 351-357, 374-379, 396-399, 415, 431, 447, 468-473, 489-491, 507, 525-556, 577-578, 596-597, 612, 628, 649, 666, 686-689, 709-712, 728, 744, 761, 778, 798, 814, 830, 845, 861, 866, 871, 884-897, 914-998
src\scbe\context_encoder.py                                                  49      3    94%   74, 117, 125
src\scbe_14layer_reference.py                                               238     98    59%   46-49, 207-225, 264, 314-319, 360, 378, 480-485, 535-632, 685
src\scbe_cpse_unified.py                                                    277    277     0%   14-580
src\science_packs\__init__.py                                                61     61     0%   54-794
src\symphonic_cipher\__init__.py                                              8      0   100%
src\symphonic_cipher\ai_verifier.py                                         375    317    15%   63, 83, 121-128, 137-161, 169, 181-184, 195-200, 213-245, 253-255, 268-273, 286-290, 298-302, 310-314, 329-355, 370-386, 399-440, 467-484, 543-549, 572-583, 600-607, 626-642, 661-800, 848-853, 857-872, 877, 882, 895-906, 918-934, 954-991, 1014-1032, 1036, 1046-1053
src\symphonic_cipher\audio\__init__.py                                        2      2     0%   6-11
src\symphonic_cipher\audio\stellar_octave_mapping.py                        106    106     0%   13-339
src\symphonic_cipher\core\__init__.py                                         3      3     0%   6-16
src\symphonic_cipher\core\cymatic_voxel_storage.py                           94     94     0%   12-313
src\symphonic_cipher\core\harmonic_scaling_law.py                            63     63     0%   12-227
src\symphonic_cipher\dsp.py                                                 286    203    29%   51-52, 57, 61-62, 74, 79, 84-86, 139-141, 159-176, 202-203, 208, 217-219, 230, 239-240, 255-264, 322-325, 344-356, 371-382, 393-404, 411-412, 416-417, 421-422, 426-427, 439-462, 470-477, 520-530, 539-545, 557-579, 583, 620-627, 639-653, 657, 661, 674-677, 685-687, 718, 727-732, 744-746, 758-759, 772-777, 800-817, 821, 831, 841-846, 850, 860-869, 873-874, 886-914, 926-928
src\symphonic_cipher\dual_lattice_consensus.py                              123     85    31%   54, 71-74, 81-85, 91-92, 95, 106-109, 117-122, 129-130, 133, 144-148, 160-179, 194-228, 231, 240-288, 292
src\symphonic_cipher\dynamics\__init__.py                                     2      2     0%   6-11
src\symphonic_cipher\dynamics\flux_interaction.py                            99     99     0%   13-342
src\symphonic_cipher\flat_slope_encoder.py                                  185    152    18%   126-205, 237-255, 265-279, 329-362, 392-422, 435-444, 470-498, 518-527, 566-607, 616-617, 622
src\symphonic_cipher\harmonic_scaling_law.py                               1043    810    22%   169, 296, 339, 341, 399, 422-423, 488-495, 625-635, 670-694, 717-723, 789-808, 816, 832-847, 861-862, 883-889, 908-917, 944-963, 976, 1025-1039, 1060-1088, 1105-1120, 1150-1164, 1189-1228, 1249-1271, 1291-1295, 1321-1333, 1354-1370, 1389-1416, 1505-1535, 1545-1548, 1552, 1556-1557, 1565-1570, 1588-1597, 1606-1607, 1622-1649, 1667-1683, 1705-1740, 1766-1795, 1821-1833, 1853, 1867-1873, 1899-1914, 1935-1936, 1955-1963, 1993-2015, 2083-2115, 2138-2176, 2196-2213, 2236-2269, 2299-2316, 2339-2367, 2396-2404, 2410, 2439, 2500-2510, 2525-2538, 2552-2553, 2571-2578, 2596-2602, 2625-2643, 2659-2665, 2698-2730, 2754-2767, 2793-2812, 2837-2875, 2896-2911, 2944-2978, 2993, 3075-3085, 3104-3107, 3139-3151, 3178-3182, 3210-3246, 3279-3306, 3333-3350, 3364, 3413, 3445, 3449-3451, 3455-3456, 3471-3473, 3553-3578, 3582-3611, 3623-3653, 3673-3690, 3709-3727, 3746-3768, 3787-3803, 3824-3867, 3898-3923, 3938, 3962-3989, 3999-4011, 4015, 4066
src\symphonic_cipher\qasi_core.py                                           166    166     0%   12-272
src\symphonic_cipher\scbe_aethermoore\__init__.py                            15      0   100%
src\symphonic_cipher\scbe_aethermoore\attack_simulation.py                  235    235     0%   25-470
src\symphonic_cipher\scbe_aethermoore\axiom_grouped\__init__.py               5      5     0%   14-177
src\symphonic_cipher\scbe_aethermoore\axiom_grouped\audio_axis.py           178    178     0%   23-569
src\symphonic_cipher\scbe_aethermoore\axiom_grouped\hamiltonian_cfi.py      285    285     0%   28-666
src\symphonic_cipher\scbe_aethermoore\axiom_grouped\langues_metric.py       292    292     0%   32-670
src\symphonic_cipher\scbe_aethermoore\constants.py                           63     10    84%   106, 108, 131, 146, 168-175, 189
src\symphonic_cipher\scbe_aethermoore\cpse.py                               275    228    17%   45, 61-69, 80-88, 112-114, 129, 160-168, 194-199, 216-219, 232-253, 257-267, 302-308, 327-341, 359-370, 384-385, 394-402, 414-427, 450-476, 487-492, 507, 532-540, 552-554, 558-562, 566-567, 615-629, 633, 659-683, 711-732, 746-843, 847
src\symphonic_cipher\scbe_aethermoore\cpse_integrator.py                    161    161     0%   26-455
src\symphonic_cipher\scbe_aethermoore\dual_lattice.py                       332    332     0%   43-746
src\symphonic_cipher\scbe_aethermoore\fractional_flux.py                    321    258    20%   93-100, 139-144, 152-160, 169-184, 190-197, 201-205, 219, 229-230, 234-241, 245-246, 250, 261-263, 281-282, 296-299, 334-352, 381-389, 418-451, 460-666, 679-723
src\symphonic_cipher\scbe_aethermoore\full_system.py                        251    204    19%   171-182, 207-418, 434-525, 529-530, 534-538, 545, 562-563, 580-582, 587-601, 610-682, 686
src\symphonic_cipher\scbe_aethermoore\governance\__init__.py                  0      0   100%
src\symphonic_cipher\scbe_aethermoore\layer_13.py                           290    220    24%   65-66, 89-95, 104-108, 119-120, 141, 164-165, 182, 253-305, 339-353, 398-419, 442-450, 478-570, 582-763, 776-801
src\symphonic_cipher\scbe_aethermoore\layer_tests.py                        533    533     0%   15-1469
src\symphonic_cipher\scbe_aethermoore\layers\__init__.py                      2      0   100%
src\symphonic_cipher\scbe_aethermoore\layers\fourteen_layer_pipeline.py     358    306    15%   74, 98-102, 120-129, 142-152, 171-175, 197-211, 224, 241-252, 268-290, 306-321, 334-349, 363-380, 396-413, 433-437, 466-489, 510-511, 557-578, 611-631, 665-671, 701-790, 794, 818-854, 870-895, 906-926, 940-970, 975-989, 998-1059, 1063
src\symphonic_cipher\scbe_aethermoore\layers_9_12.py                        316    249    21%   81-124, 140-164, 197-221, 235-253, 269-273, 311-325, 346-358, 376-383, 411-418, 463-495, 526-550, 597-615, 629-819, 832-843
src\symphonic_cipher\scbe_aethermoore\living_metric.py                      318    257    19%   91-100, 109-115, 149-169, 215-225, 234-245, 272-309, 333-339, 343-344, 376-402, 431-434, 443-654, 667-708
src\symphonic_cipher\scbe_aethermoore\manifold\__init__.py                    0      0   100%
src\symphonic_cipher\scbe_aethermoore\mass_system_grok.py                   322    322     0%   22-599
src\symphonic_cipher\scbe_aethermoore\organic_hyperbolic.py                 406    324    20%   69-71, 76-81, 90-124, 148-149, 153, 157, 161, 165, 169, 173, 184-188, 199-224, 233, 242-263, 284-286, 297-306, 310-313, 323-329, 339-350, 359-366, 379-393, 401-404, 448-461, 471-490, 500-504, 514-520, 534-536, 548-551, 570-583, 593-598, 610-629, 664-673, 687-703, 710-716, 732-751, 767-786, 801-817, 832-851, 863-871, 891-922, 939-1000, 1018-1045, 1061-1110, 1118
src\symphonic_cipher\scbe_aethermoore\patent_validation_tests.py            298    298     0%   21-777
src\symphonic_cipher\scbe_aethermoore\phdm_module.py                        249    190    24%   239-245, 266-283, 292-293, 317-321, 330-349, 355-357, 363-365, 377-394, 409-429, 464-480, 499-503, 521-535, 550-559, 570-577, 589-594, 607-722, 735-746
src\symphonic_cipher\scbe_aethermoore\pqc\__init__.py                         7      0   100%
src\symphonic_cipher\scbe_aethermoore\pqc\pqc_audit.py                      150     90    40%   66, 82, 95-96, 100, 117, 185-198, 204-205, 210, 215, 220, 225, 246-288, 301-316, 327-373, 382-384, 388, 392, 398, 407-414, 422, 432-448, 483-491, 516-524, 555-558, 563, 576-577, 596-600, 613, 628
src\symphonic_cipher\scbe_aethermoore\pqc\pqc_core.py                       191    106    45%   34-35, 48, 53, 63-66, 76-79, 113-119, 124-141, 146-165, 182-190, 195-206, 211-224, 237-240, 245-247, 252-254, 263-266, 271-273, 278-279, 314, 327, 341, 356-357, 385, 399, 414-417, 431-432, 457-472, 493-515, 542-567
src\symphonic_cipher\scbe_aethermoore\pqc\pqc_harmonic.py                   185    113    39%   97, 130-174, 211-235, 259-270, 306-390, 424-508, 539, 543, 551-557, 561, 566-567, 600, 633-646, 675-680, 706-726, 755-761, 780-783, 808, 817, 821
src\symphonic_cipher\scbe_aethermoore\pqc\pqc_hmac.py                       133     80    40%   55-58, 94-126, 157-175, 209-210, 231-241, 283-300, 306, 320-339, 344, 349, 354, 359, 372-387, 391-395, 402-404, 408-410, 418, 436, 447-451, 467-470, 497-506
src\symphonic_cipher\scbe_aethermoore\pqc_module.py                         322    211    34%   46, 51, 56, 62, 68, 74, 80, 86, 95, 100, 105, 111, 122-129, 132-134, 137-138, 142-145, 149, 153, 157, 161, 165, 172-179, 182-184, 187-190, 193-195, 199, 215, 219-229, 233-246, 250-259, 263, 267, 271, 275, 279, 291, 295-297, 301-304, 309-312, 316, 333-338, 351-356, 403-405, 409-420, 442-465, 483-500, 504-510, 515, 532-639, 652-663
src\symphonic_cipher\scbe_aethermoore\production_v2_1.py                    674    515    24%   62-63, 188-202, 211-215, 225-234, 247-273, 318-320, 337-338, 366-379, 400-405, 422-438, 453-457, 471-479, 500-502, 521-528, 555-572, 576-579, 606, 611-617, 622, 627-628, 633, 638-642, 647-652, 657-663, 669-672, 677-683, 688-690, 700-711, 716-719, 729-745, 766-774, 799-814, 833-834, 861-871, 880-881, 886-888, 893-897, 902-906, 911-916, 921-931, 936-939, 957, 965, 977-996, 1001, 1006, 1011-1015, 1031, 1036, 1054-1082, 1151-1268, 1318-1408, 1426-1536, 1546-1611, 1616-1620
src\symphonic_cipher\scbe_aethermoore\proofs_verification.py                290    290     0%   34-764
src\symphonic_cipher\scbe_aethermoore\qasi_core.py                          193    160    17%   38, 43-49, 54-56, 68-69, 73-75, 82-88, 101-106, 115-125, 133-144, 153-156, 165-173, 178-183, 196-215, 222-226, 234-238, 242, 254-259, 292-306, 319-322, 332-337, 345-414, 418-422
src\symphonic_cipher\scbe_aethermoore\qc_lattice\__init__.py                  5      5     0%   33-127
src\symphonic_cipher\scbe_aethermoore\qc_lattice\integration.py             171    171     0%   13-513
src\symphonic_cipher\scbe_aethermoore\qc_lattice\phdm.py                    170    170     0%   18-611
src\symphonic_cipher\scbe_aethermoore\qc_lattice\quasicrystal.py            148    148     0%   18-483
src\symphonic_cipher\scbe_aethermoore\quantum\__init__.py                     0      0   100%
src\symphonic_cipher\scbe_aethermoore\scbe_aethermoore_core.py              207    207     0%   10-398
src\symphonic_cipher\scbe_aethermoore\spiral_seal\__init__.py                 4      0   100%
src\symphonic_cipher\scbe_aethermoore\spiral_seal\key_exchange.py            61     23    62%   25-26, 30-31, 41-42, 45, 56-59, 62-63, 87-89, 92-93, 118-120, 123-124
src\symphonic_cipher\scbe_aethermoore\spiral_seal\sacred_tongues.py         118     26    78%   173, 192-195, 199-205, 213-214, 220-221, 230, 380-384, 397-400
src\symphonic_cipher\scbe_aethermoore\spiral_seal\seal.py                    91     15    84%   159-162, 176-177, 230, 256-258, 271-273, 284, 291-292
src\symphonic_cipher\scbe_aethermoore\spiral_seal\signatures.py              63     29    54%   25-26, 30-31, 41-42, 45, 56-59, 62-63, 85-87, 90-91, 114-118, 121-125, 130
src\symphonic_cipher\scbe_aethermoore\spiral_seal\utils.py                   75     23    69%   19-24, 56-65, 86, 102-112
src\symphonic_cipher\scbe_aethermoore\test_scbe_system.py                   518    518     0%   18-918
src\symphonic_cipher\scbe_aethermoore\unified.py                            402    312    22%   138, 148, 166-167, 179-211, 232-240, 266-279, 304-322, 345-379, 402-406, 425-427, 435-437, 445-446, 455-467, 479-498, 523-544, 560, 569-573, 588-589, 598-602, 617, 628-629, 651-657, 674, 678, 689-698, 711-728, 738-752, 767, 802-910, 925-928, 937-948, 975-976, 998-1011, 1036-1041, 1045-1052, 1065-1086, 1093-1104, 1108-1112, 1124-1177, 1181
src\symphonic_cipher\scbe_aethermoore_core.py                               212    212     0%   13-369
src\symphonic_cipher\symphonic_core.py                                      264    181    31%   93-95, 99-107, 122-124, 136-138, 150-151, 163, 166, 169, 173, 208-209, 225, 239-241, 262, 271, 276, 305, 313, 325-327, 341-366, 375-395, 434-441, 460-491, 504-520, 555-556, 565, 570, 575-578, 603-643, 678-735, 739, 771-776, 798-829, 847-873, 885
src\symphonic_cipher\tests\__init__.py                                        0      0   100%
src\symphonic_cipher\tests\test_axiom_verification.py                       247    247     0%   15-650
src\symphonic_cipher\tests\test_core.py                                     268    268     0%   13-458
src\symphonic_cipher\tests\test_cpse_physics.py                             171    171     0%   10-307
src\symphonic_cipher\tests\test_flat_slope.py                               240    240     0%   12-569
src\symphonic_cipher\tests\test_fourteen_layer.py                           270    270     0%   7-539
src\symphonic_cipher\tests\test_full_system.py                              142    142     0%   5-271
src\symphonic_cipher\tests\test_harmonic_scaling.py                        1426   1426     0%   13-2805
src\symphonic_cipher\tests\test_patent_modules.py                           151    151     0%   11-336
src\symphonic_cipher\topological_cfi.py                                     237    237     0%   18-483
-------------------------------------------------------------------------------------------------------
TOTAL                                                                     21254  18344    14%
Coverage HTML written to dir htmlcov
Coverage JSON written to file coverage.json

------------------------------------------------------------------------------------------------------- benchmark: 3 tests -------------------------------------------------------------------------------------------------------
Name (time in us)                             Min                    Max                   Mean                StdDev                 Median                    IQR            Outliers          OPS            Rounds  Iterations
----------------------------------------------------------------------------------------------------------------------------------------------------------------------------------------------------------------------------------
test_benchmark_context_encoding           36.6999 (1.0)         657.5000 (1.0)          44.1699 (1.0)         15.7183 (1.0)          40.0001 (1.0)           3.2000 (1.0)      591;1055  22,639.8604 (1.0)        7408           1
test_benchmark_encryption_latency     67,513.3000 (>1000.0)  95,854.3001 (145.79)   80,133.6693 (>1000.0)  7,692.4715 (489.40)   80,408.9000 (>1000.0)  12,631.0251 (>1000.0)       3;0      12.4791 (0.00)         13           1
test_benchmark_decryption_latency     71,329.0999 (>1000.0)  92,000.4999 (139.92)   78,260.1500 (>1000.0)  6,351.6924 (404.09)   76,563.9500 (>1000.0)   7,654.2000 (>1000.0)       4;0      12.7779 (0.00)         12           1
----------------------------------------------------------------------------------------------------------------------------------------------------------------------------------------------------------------------------------

Legend:
  Outliers: 1 Standard Deviation from Mean; 1.5 IQR (InterQuartile Range) from 1st Quartile and 3rd Quartile.
  OPS: Operations Per Second, computed as 1 / Mean
====== 529 passed, 27 skipped, 37 xfailed, 4 xpassed in 95.05s (0:01:35) ======
